
  VITE v8.2.2  ready in 387 ms

  ➜  Local:   http://127.0.0.1:4182/
8:38:56 AM [vite] (client) page reload main.tsx
8:38:56 AM [vite] (client) hmr update /styles.css
8:41:10 AM [vite] (client) page reload editor.html
8:41:26 AM [vite] changed tsconfig file detected: /home/exedev/.local/share/roost/data/workspaces/efddf5b4-d642-41e7-8235-8c8800fc92d9/roost-unified-task-view/docs/prototypes/unified-task-view/tsconfig.json - Clearing cache and forcing full-reload to ensure TypeScript is compiled with updated config values.
8:41:26 AM [vite] (client) page reload fixtures.ts
8:41:26 AM [vite] (client) hmr update /styles.css
8:41:26 AM [vite] (client) page reload main.tsx
8:42:28 AM [vite] (client) page reload main.tsx
8:42:28 AM [vite] (client) hmr update /styles.css
8:42:28 AM [vite] (client) hmr update /styles.css
8:42:28 AM [vite] (client) page reload main.tsx
8:43:21 AM [vite] (client) page reload main.tsx
8:43:59 AM [vite] (client) hmr update /.baseline.tsx
8:45:07 AM [vite] (client) hmr update /main.tsx
8:45:07 AM [vite] (client) hmr update /styles.css
8:45:24 AM [vite] (client) hmr update /styles.css
8:45:24 AM [vite] (client) hmr update /main.tsx
8:48:21 AM [vite] (client) hmr update /.baseline.tsx
